// Jest Snapshot v1, https://goo.gl/fbAQLP

exports[`<Navbar/> rendering should render navigation bar on the screen 1`] = `
<div
  class="chakra-stack css-1a1oqyw"
>
  <div
    class="chakra-stack css-84zodg"
  >
    <span
      style="box-sizing: border-box; display: inline-block; overflow: hidden; background: none; opacity: 1; border: 0px; margin: 0px; padding: 0px; position: relative; max-width: 100%;"
    >
      <span
        style="box-sizing: border-box; display: block; background: none; opacity: 1; border: 0px; margin: 0px; padding: 0px; max-width: 100%;"
      >
        <img
          alt=""
          aria-hidden="true"
          src="data:image/svg+xml,%3csvg%20xmlns=%27http://www.w3.org/2000/svg%27%20version=%271.1%27%20width=%2750%27%20height=%2750%27/%3e"
          style="display: block; max-width: 100%; background: none; opacity: 1; border: 0px; margin: 0px; padding: 0px;"
        />
      </span>
      <img
        alt="logo"
        data-nimg="intrinsic"
        data-testid="logo"
        decoding="async"
        src="data:image/gif;base64,R0lGODlhAQABAIAAAAAAAP///yH5BAEAAAAALAAAAAABAAEAAAIBRAA7"
        style="position: absolute; top: 0px; left: 0px; bottom: 0px; right: 0px; box-sizing: border-box; padding: 0px; margin: auto; display: block; width: 0px; height: 0px; min-width: 100%; max-width: 100%; min-height: 100%; max-height: 100%;"
      />
      <noscript />
    </span>
    <p
      class="chakra-text css-ahuls7"
    >
      PHOTOLY
    </p>
  </div>
  <div
    class="chakra-stack css-1y4bou5"
  >
    <button
      class="chakra-button css-117sk0y"
      type="button"
    >
      Logout
    </button>
    <button
      class="chakra-button css-117sk0y"
      type="button"
    >
      Manage
    </button>
    <span
      class="chakra-avatar css-175y0vd"
      data-testid="avatar"
    >
      <svg
        aria-label=" avatar"
        class="chakra-avatar__svg css-16ite8i"
        role="img"
        viewBox="0 0 128 128"
      >
        <path
          d="M103,102.1388 C93.094,111.92 79.3504,118 64.1638,118 C48.8056,118 34.9294,111.768 25,101.7892 L25,95.2 C25,86.8096 31.981,80 40.6,80 L87.4,80 C96.019,80 103,86.8096 103,95.2 L103,102.1388 Z"
          fill="currentColor"
        />
        <path
          d="M63.9961647,24 C51.2938136,24 41,34.2938136 41,46.9961647 C41,59.7061864 51.2938136,70 63.9961647,70 C76.6985159,70 87,59.7061864 87,46.9961647 C87,34.2938136 76.6985159,24 63.9961647,24"
          fill="currentColor"
        />
      </svg>
    </span>
  </div>
</div>
`;
